\BOOKMARK [1][-]{section.1}{\376\377\000E\000j\000e\000r\000c\000i\000c\000i\000o\000s}{}% 1
\BOOKMARK [1][-]{section.2}{\376\377\000T\000e\000o\000r\000e\000m\000a\000\040\000d\000e\000l\000\040\000B\000i\000n\000o\000m\000i\000o}{}% 2
\BOOKMARK [1][-]{section.3}{\376\377\000P\000r\000o\000p\000i\000e\000d\000a\000d\000e\000s\000\040\000d\000e\000\040\000l\000o\000s\000\040\000N\000\372\000m\000e\000r\000o\000s\000\040\000C\000o\000m\000b\000i\000n\000a\000t\000o\000r\000i\000o\000s}{}% 3
\BOOKMARK [1][-]{section.4}{\376\377\000T\000e\000o\000r\000e\000m\000a\000\040\000d\000e\000l\000\040\000B\000i\000n\000o\000m\000i\000o}{}% 4
\BOOKMARK [1][-]{section.5}{\376\377\000E\000j\000e\000r\000c\000i\000c\000i\000o\000s\000\040\000R\000e\000s\000u\000e\000l\000t\000o\000s}{}% 5
\BOOKMARK [1][-]{section.6}{\376\377\000E\000j\000e\000r\000c\000i\000c\000i\000o\000s\000\040\000P\000r\000o\000p\000u\000e\000s\000t\000o\000s}{}% 6
\BOOKMARK [1][-]{section.7}{\376\377\000T\000e\000o\000r\000e\000m\000a\000\040\000d\000e\000l\000\040\000B\000i\000n\000o\000m\000i\000o}{}% 7
\BOOKMARK [1][-]{section.8}{\376\377\000P\000r\000o\000p\000i\000e\000d\000a\000d\000e\000s\000\040\000d\000e\000\040\000l\000o\000s\000\040\000N\000\372\000m\000e\000r\000o\000s\000\040\000C\000o\000m\000b\000i\000n\000a\000t\000o\000r\000i\000o\000s}{}% 8
\BOOKMARK [1][-]{section.9}{\376\377\000T\000e\000o\000r\000e\000m\000a\000\040\000d\000e\000l\000\040\000B\000i\000n\000o\000m\000i\000o}{}% 9
\BOOKMARK [1][-]{section.10}{\376\377\000E\000j\000e\000r\000c\000i\000c\000i\000o\000s\000\040\000R\000e\000s\000u\000e\000l\000t\000o\000s}{}% 10
\BOOKMARK [1][-]{section.11}{\376\377\000E\000j\000e\000r\000c\000i\000c\000i\000o\000s\000\040\000P\000r\000o\000p\000u\000e\000s\000t\000o\000s}{}% 11
\BOOKMARK [1][-]{section.12}{\376\377\000T\000e\000o\000r\000e\000m\000a\000\040\000d\000e\000l\000\040\000B\000i\000n\000o\000m\000i\000o}{}% 12
\BOOKMARK [1][-]{section.13}{\376\377\000P\000r\000o\000p\000i\000e\000d\000a\000d\000e\000s\000\040\000d\000e\000\040\000l\000o\000s\000\040\000N\000\372\000m\000e\000r\000o\000s\000\040\000C\000o\000m\000b\000i\000n\000a\000t\000o\000r\000i\000o\000s}{}% 13
\BOOKMARK [1][-]{section.14}{\376\377\000T\000e\000o\000r\000e\000m\000a\000\040\000d\000e\000l\000\040\000B\000i\000n\000o\000m\000i\000o}{}% 14
\BOOKMARK [1][-]{section.15}{\376\377\000E\000j\000e\000r\000c\000i\000c\000i\000o\000s\000\040\000R\000e\000s\000u\000e\000l\000t\000o\000s}{}% 15
\BOOKMARK [1][-]{section.16}{\376\377\000E\000j\000e\000r\000c\000i\000c\000i\000o\000s\000\040\000P\000r\000o\000p\000u\000e\000s\000t\000o\000s}{}% 16
\BOOKMARK [1][-]{section.17}{\376\377\000T\000e\000o\000r\000e\000m\000a\000\040\000d\000e\000l\000\040\000B\000i\000n\000o\000m\000i\000o}{}% 17
\BOOKMARK [1][-]{section.18}{\376\377\000P\000r\000o\000p\000i\000e\000d\000a\000d\000e\000s\000\040\000d\000e\000\040\000l\000o\000s\000\040\000N\000\372\000m\000e\000r\000o\000s\000\040\000C\000o\000m\000b\000i\000n\000a\000t\000o\000r\000i\000o\000s}{}% 18
\BOOKMARK [1][-]{section.19}{\376\377\000T\000e\000o\000r\000e\000m\000a\000\040\000d\000e\000l\000\040\000B\000i\000n\000o\000m\000i\000o}{}% 19
\BOOKMARK [1][-]{section.20}{\376\377\000E\000j\000e\000r\000c\000i\000c\000i\000o\000s\000\040\000R\000e\000s\000u\000e\000l\000t\000o\000s}{}% 20
\BOOKMARK [1][-]{section.21}{\376\377\000E\000j\000e\000r\000c\000i\000c\000i\000o\000s\000\040\000P\000r\000o\000p\000u\000e\000s\000t\000o\000s}{}% 21
\BOOKMARK [1][-]{section.22}{\376\377\000I\000n\000d\000i\000c\000a\000t\000o\000r\000\040\000F\000u\000n\000c\000t\000i\000o\000n\000s}{}% 22
\BOOKMARK [1][-]{section.23}{\376\377\000C\000o\000n\000d\000i\000t\000i\000o\000n\000a\000l\000\040\000P\000r\000o\000b\000a\000b\000i\000l\000i\000t\000y\000\040\000P\000r\000o\000p\000e\000r\000t\000i\000e\000s}{}% 23
\BOOKMARK [1][-]{section.24}{\376\377\000I\000n\000d\000e\000p\000e\000n\000d\000e\000n\000c\000e}{}% 24
\BOOKMARK [1][-]{section.25}{\376\377\000S\000e\000t\000\040\000A\000l\000g\000e\000b\000r\000a}{}% 25
\BOOKMARK [1][-]{section.26}{\376\377\000B\000a\000y\000e\000s\000'\000\040\000R\000u\000l\000e\000\040\000E\000x\000a\000m\000p\000l\000e\000\040\000\050\000C\000o\000d\000i\000n\000g\000\051}{}% 26
\BOOKMARK [1][-]{section.27}{\376\377\000S\000e\000l\000e\000c\000t\000e\000d\000\040\000E\000x\000e\000r\000c\000i\000s\000e\000s}{}% 27
\BOOKMARK [1][-]{section.28}{\376\377\000A\000d\000d\000i\000t\000i\000o\000n\000a\000l\000\040\000I\000d\000e\000n\000t\000i\000t\000i\000e\000s}{}% 28
\BOOKMARK [1][-]{section.29}{\376\377\000T\000e\000o\000r\000\355\000a\000\040\000d\000e\000\040\000C\000o\000n\000j\000u\000n\000t\000o\000s\000\040\000y\000\040\000P\000r\000o\000b\000a\000b\000i\000l\000i\000d\000a\000d}{}% 29
\BOOKMARK [2][-]{subsection.29.1}{\376\377\000D\000e\000f\000i\000n\000i\000c\000i\000o\000n\000e\000s\000\040\000N\000e\000c\000e\000s\000a\000r\000i\000a\000s}{section.29}% 30
\BOOKMARK [2][-]{subsection.29.2}{\376\377\000T\000e\000o\000r\000\355\000a\000\040\000d\000e\000\040\000c\000o\000n\000j\000u\000n\000t\000o\000s}{section.29}% 31
\BOOKMARK [2][-]{subsection.29.3}{\376\377\000I\000n\000t\000r\000o\000d\000u\000c\000c\000i\000\363\000n\000\040\000a\000\040\000l\000a\000\040\000P\000r\000o\000b\000a\000b\000i\000l\000i\000d\000a\000d}{section.29}% 32
\BOOKMARK [2][-]{subsection.29.4}{\376\377\000P\000r\000o\000b\000a\000b\000i\000l\000i\000d\000a\000d\000\040\000C\000o\000n\000d\000i\000c\000i\000o\000n\000a\000l}{section.29}% 33
\BOOKMARK [2][-]{subsection.29.5}{\376\377\000T\000e\000o\000r\000e\000m\000a\000\040\000d\000e\000\040\000P\000r\000o\000b\000a\000b\000i\000l\000i\000d\000a\000d\000\040\000T\000o\000t\000a\000l\000\040\000y\000\040\000T\000e\000o\000r\000e\000m\000a\000\040\000d\000e\000\040\000B\000a\000y\000e\000s}{section.29}% 34
\BOOKMARK [2][-]{subsection.29.6}{\376\377\000M\000i\000s\000c\000e\000l\000\341\000n\000e\000a\000\040\000d\000e\000\040\000e\000j\000e\000r\000c\000i\000c\000i\000o\000s}{section.29}% 35
